<html>
<body>
<pre>
<h1>µVision Build Log</h1>
<h2>Tool Versions:</h2>
IDE-Version: ¦ÌVision V5.43.1.0
Copyright (C) 2025 ARM Ltd and ARM Germany GmbH. All rights reserved.
License Information: 111 dlx, 111, LIC=47GU5-GSEBZ-30MNC-7C2K6-2RW7L-IBXCN
 
Tool Versions:
Toolchain:       MDK-ARM Plus  Version: 5.43.0.0
Toolchain Path:  D:\Software\Keil MDK\ARM\ARMCC\Bin
C Compiler:      Armcc.exe V5.06 update 6 (build 750)
Assembler:       Armasm.exe V5.06 update 6 (build 750)
Linker/Locator:  ArmLink.exe V5.06 update 6 (build 750)
Library Manager: ArmAr.exe V5.06 update 6 (build 750)
Hex Converter:   FromElf.exe V5.06 update 6 (build 750)
CPU DLL:         SARMCM3.DLL V5.43.0.0
Dialog DLL:      DCM.DLL V1.17.5.0
Target DLL:      CMSIS_AGDI.dll V1.33.24.0
Dialog DLL:      TCM.DLL V1.56.6.0
 
<h2>Project:</h2>
D:\MyProject\GigaDevice\GD32F30x_Demo_Suites_V3.0.2\GD32303R_START_Demo_Suites\Projects\01_GPIO_Running_LED\MDK-ARM\GD32303R_START.uvprojx
Project File Date:  03/24/2026

<h2>Output:</h2>
*** Using Compiler 'V5.06 update 6 (build 750)', folder: 'D:\Software\Keil MDK\ARM\ARMCC\Bin'
Build target 'GD32303R_START'
compiling main.c...
..\main.c(290): warning:  #1-D: last line of file ends without a newline
  }
..\main.c: 1 warning, 0 errors
linking...
Program Size: Code=4456 RO-data=336 RW-data=16 ZI-data=1096  
FromELF: creating hex file...
".\output\GD32303R_START.axf" - 0 Error(s), 1 Warning(s).

<h2>Software Packages used:</h2>

Package Vendor: GigaDevice
                http://gd32mcu.21ic.com/data/documents/yingyongruanjian/GigaDevice.GD32F30x_DFP.1.1.0.pack
                GigaDevice::GD32F30x_DFP@1.1.0
                GigaDevice GD32F30x Series Device Support and Examples

<h2>Collection of Component include folders:</h2>
  D:/Software/Keil MDK/Pack/GigaDevice/GD32F30x_DFP/1.1.0/Device/Include

<h2>Collection of Component Files used:</h2>
Build Time Elapsed:  00:00:00
</pre>
</body>
</html>
